[www.docplanner.com/about-us.html]
[backblue.gif]
[fade.gif]
[index.html]
[www.docplanner.com/favicon/apple-touch-icon.png]
[www.docplanner.com/favicon/favicon-32x32.png]
[www.docplanner.com/favicon/favicon-16x16.png]
[www.docplanner.com/favicon/site.webmanifest]
[www.docplanner.com/favicon/safari-pinned-tab.svg]
[www.docplanner.com/static/css/main.css]
[www.docplanner.com/img/logo-default-group-en3860.svg]
[www.docplanner.com/career.html]
[www.docplanner.com/department0a89.html]
[www.docplanner.com/department2700.html]
[www.docplanner.com/department1872.html]
[www.docplanner.com/department5c6a.html]
[www.docplanner.com/departmentbb1e.html]
[www.docplanner.com/img/sygnet.png]
[www.docplanner.com/icons/icon-patients.svg]
[www.docplanner.com/icons/icon-doctors.svg]
[www.docplanner.com/icons/icon-clinics.svg]
[www.docplanner.com/logos/logo-tuotempo.svg]
[www.docplanner.com/logos/logo-gipo.svg]
[www.docplanner.com/logos/logo-clinicloud.svg]
[www.docplanner.com/careerc99f.html]
[www.docplanner.com/careerc994.html]
[www.docplanner.com/career1aae.html]
[www.docplanner.com/career1eae.html]
[www.docplanner.com/career72c2.html]
[ajax.googleapis.com/ajax/libs/jquery/1.11.3/jquery.min.js]
[www.docplanner.com/static/js/vendor/jquery.scrollTo.min.js]
[www.docplanner.com/career9575.html]
[www.docplanner.com/static/js/vendor/instafeed.min.js]
[www.docplanner.com/static/js/vendor/vendor.min.js]
[www.docplanner.com/about-us.html]
[www.docplanner.com/favicon/safari-pinned-tab.svg]
[www.docplanner.com/static/js/main.js]
[www.docplanner.com/icons/arrow-icon@2x.png]
[www.docplanner.com/icons/icon-caret-white.svg]
[www.docplanner.com/img/logo.png]
[www.docplanner.com/images/bg-top.jpg]
[www.docplanner.com/images/video-en.png]
[www.docplanner.com/images/fb3.jpg]
[www.docplanner.com/images/fb1.jpg]
[www.docplanner.com/images/fb2.jpg]
[s3-eu-west-1.amazonaws.com/docplanner.com/video/button_place.png]
[www.docplanner.com/static/css/main.css]
[www.googletagmanager.com/gtm5445.html]
[www.docplanner.com/index.html]
[www.docplanner.com/img/logo-default-group-en3860.svg]
[www.docplanner.com/img/poland.svg]
[www.docplanner.com/images/video3860.jpg]
[www.docplanner.com/img/italy.svg]
[www.docplanner.com/img/spain.svg]
[www.docplanner.com/img/brazil.svg]
[www.docplanner.com/img/mexico.svg]
[www.docplanner.com/img/turkey.svg]
[www.docplanner.com/icons/instagram.svg]
[www.docplanner.com/icons/comfort.png]
[www.docplanner.com/icons/focus.png]
[www.docplanner.com/icons/feedback.png]
[www.docplanner.com/icons/simple.png]
[www.docplanner.com/icons/love.png]
[www.docplanner.com/icons/gun.png]
[www.docplanner.com/icons/tick.png]
[www.docplanner.com/images/brazil-rounded.png]
[www.docplanner.com/images/united kingdom-rounded.png]
[www.docplanner.com/images/poland-rounded.png]
[www.docplanner.com/images/netherlands-rounded.png]
[www.docplanner.com/images/germany-rounded.png]
[www.docplanner.com/images/united states-rounded.png]
[www.docplanner.com/images/-rounded.png]
[www.docplanner.com/images/italy-rounded.png]
[www.docplanner.com/images/spain-rounded.png]
[www.docplanner.com/images/mexico-rounded.png]
[www.docplanner.com/images/turkey-rounded.png]
[www.docplanner.com/career.html]
[www.docplanner.com/static/css/department.css]
[www.docplanner.com/images/testimonial-1.jpg]
[www.docplanner.com/images/testimonial-2.jpg]
[www.docplanner.com/department0a89.html]
[www.docplanner.com/department2700.html]
[www.docplanner.com/department1872.html]
[www.docplanner.com/department5c6a.html]
[www.docplanner.com/departmentbb1e.html]
[www.docplanner.com/icons/icon-patients.svg]
[www.docplanner.com/icons/icon-doctors.svg]
[www.docplanner.com/icons/icon-clinics.svg]
[www.docplanner.com/logos/logo-tuotempo.svg]
[www.docplanner.com/logos/logo-gipo.svg]
[www.docplanner.com/logos/logo-clinicloud.svg]
[www.docplanner.com/careerc99f.html]
[www.docplanner.com/careerc994.html]
[www.docplanner.com/career1aae.html]
[www.docplanner.com/career1eae.html]
[www.docplanner.com/career72c2.html]
[www.docplanner.com/career9575.html]
[www.docplanner.com/icons/icon-caret-white.svg]
[www.docplanner.com/img/poland.svg]
[www.docplanner.com/img/italy.svg]
[www.docplanner.com/img/spain.svg]
[www.docplanner.com/img/brazil.svg]
[www.docplanner.com/img/mexico.svg]
[www.docplanner.com/img/turkey.svg]
[www.docplanner.com/icons/instagram.svg]
[www.docplanner.com/images/united kingdom-rounded.html]
[www.docplanner.com/images/netherlands-rounded.html]
[www.docplanner.com/images/germany-rounded.html]
[www.docplanner.com/images/united states-rounded.html]
[www.docplanner.com/images/-rounded.html]
[www.docplanner.com/static/css/department.css]
[www.docplanner.com/static/js/department.js]
